authentication.dump b0104488171b088d6db971a94eda78da -
avi.dump 6f0a88218dcb80212045514770bf1a0b -
fminames.dump 2bc18b4fc05ffc288af07171c3d14af5 -
gis.dump 7a472b0ce59f00b7aec4151c74065793 -
icemap2storage_ro.dump f9e8bd03d0c2827698bead4ae80b0d62 -
iot_obs.dump 645cb1a579bd252d0a78e393de5c5cc7 -
